Traceback (most recent call last):
  File "C:\Users\Little Human\Desktop\RootsParty\manage.py", line 23, in <module>
    main()
    ~~~~^^
  File "C:\Users\Little Human\Desktop\RootsParty\manage.py", line 19, in main
    execute_from_command_line(sys.argv)
    ~~~~~~~~~~~~~~~~~~~~~~~~~^^^^^^^^^^
  File "C:\Users\Little Human\Desktop\RootsParty\venv\Lib\site-packages\django\core\management\__init__.py", line 442, in execute_from_command_line
    utility.execute()
    ~~~~~~~~~~~~~~~^^
  File "C:\Users\Little Human\Desktop\RootsParty\venv\Lib\site-packages\django\core\management\__init__.py", line 436, in execute
    self.fetch_command(subcommand).run_from_argv(self.argv)
    ~~~~~~~~~~~~~~~~~~~~~~~~~~~~~~~~~~~~~~~~~~~~^^^^^^^^^^^
  File "C:\Users\Little Human\Desktop\RootsParty\venv\Lib\site-packages\django\core\management\base.py", line 420, in run_from_argv
    self.execute(*args, **cmd_options)
    ~~~~~~~~~~~~^^^^^^^^^^^^^^^^^^^^^^
  File "C:\Users\Little Human\Desktop\RootsParty\venv\Lib\site-packages\django\core\management\base.py", line 464, in execute
    output = self.handle(*args, **options)
  File "C:\Users\Little Human\Desktop\RootsParty\venv\Lib\site-packages\django\core\management\commands\loaddata.py", line 103, in handle
    self.loaddata(fixture_labels)
    ~~~~~~~~~~~~~^^^^^^^^^^^^^^^^
  File "C:\Users\Little Human\Desktop\RootsParty\venv\Lib\site-packages\django\core\management\commands\loaddata.py", line 164, in loaddata
    self.load_label(fixture_label)
    ~~~~~~~~~~~~~~~^^^^^^^^^^^^^^^
  File "C:\Users\Little Human\Desktop\RootsParty\venv\Lib\site-packages\django\core\management\commands\loaddata.py", line 254, in load_label
    if self.save_obj(obj):
       ~~~~~~~~~~~~~^^^^^
  File "C:\Users\Little Human\Desktop\RootsParty\venv\Lib\site-packages\django\core\management\commands\loaddata.py", line 210, in save_obj
    obj.save(using=self.using)
    ~~~~~~~~^^^^^^^^^^^^^^^^^^
  File "C:\Users\Little Human\Desktop\RootsParty\venv\Lib\site-packages\django\core\serializers\base.py", line 265, in save
    models.Model.save_base(self.object, using=using, raw=True, **kwargs)
    ~~~~~~~~~~~~~~~~~~~~~~^^^^^^^^^^^^^^^^^^^^^^^^^^^^^^^^^^^^^^^^^^^^^^
  File "C:\Users\Little Human\Desktop\RootsParty\venv\Lib\site-packages\django\db\models\base.py", line 988, in save_base
    pre_save.send(
    ~~~~~~~~~~~~~^
        sender=origin,
        ^^^^^^^^^^^^^^
    ...<3 lines>...
        update_fields=update_fields,
        ^^^^^^^^^^^^^^^^^^^^^^^^^^^^
    )
    ^
  File "C:\Users\Little Human\Desktop\RootsParty\venv\Lib\site-packages\django\dispatch\dispatcher.py", line 189, in send
    response = receiver(signal=self, sender=sender, **named)
  File "C:\Users\Little Human\Desktop\RootsParty\venv\Lib\site-packages\image_cropping\fields.py", line 109, in initial_cropping
    width, height = (image.width, image.height)
                     ^^^^^^^^^^^
  File "C:\Users\Little Human\Desktop\RootsParty\venv\Lib\site-packages\django\core\files\images.py", line 21, in width
    return self._get_image_dimensions()[0]
           ~~~~~~~~~~~~~~~~~~~~~~~~~~^^
  File "C:\Users\Little Human\Desktop\RootsParty\venv\Lib\site-packages\django\core\files\images.py", line 30, in _get_image_dimensions
    self.open()
    ~~~~~~~~~^^
  File "C:\Users\Little Human\Desktop\RootsParty\venv\Lib\site-packages\django\db\models\fields\files.py", line 82, in open
    self.file = self.storage.open(self.name, mode)
                ~~~~~~~~~~~~~~~~~^^^^^^^^^^^^^^^^^
  File "C:\Users\Little Human\Desktop\RootsParty\venv\Lib\site-packages\django\core\files\storage\base.py", line 22, in open
    return self._open(name, mode)
           ~~~~~~~~~~^^^^^^^^^^^^
  File "C:\Users\Little Human\Desktop\RootsParty\venv\Lib\site-packages\django\core\files\storage\filesystem.py", line 81, in _open
    return File(open(self.path(name), mode))
                ~~~~^^^^^^^^^^^^^^^^^^^^^^^
FileNotFoundError: [Errno 2] No such file or directory: 'C:\\Users\\Little Human\\Desktop\\RootsParty\\media\\blog\\601025896_10225144155831199_651595466409118134_n.jpg'
